
> saas-starter@0.3.1 build /Users/stapo/Desktop/next-saas-stripe-starter-main
> next build

  ▲ Next.js 14.2.5
  - Environments: .env.local, .env

   Creating an optimized production build ...
Generated 20 documents in .contentlayer
 ✓ Compiled successfully
   Linting and checking validity of types ...

Failed to compile.

./app/(protected)/dashboard/contacts/[id]/page.tsx
72:26  Warning: Classnames 'h-4, w-4' could be replaced by the 'size-4' shorthand!  tailwindcss/enforces-shorthand
83:25  Warning: Classnames 'h-4, w-4' could be replaced by the 'size-4' shorthand!  tailwindcss/enforces-shorthand
90:34  Warning: Classnames 'h-4, w-4' could be replaced by the 'size-4' shorthand!  tailwindcss/enforces-shorthand
97:32  Warning: Classnames 'h-4, w-4' could be replaced by the 'size-4' shorthand!  tailwindcss/enforces-shorthand
104:25  Warning: Classnames 'h-4, w-4' could be replaced by the 'size-4' shorthand!  tailwindcss/enforces-shorthand
112:23  Warning: Classnames 'h-4, w-4' could be replaced by the 'size-4' shorthand!  tailwindcss/enforces-shorthand
127:24  Warning: Classnames 'h-16, w-16' could be replaced by the 'size-16' shorthand!  tailwindcss/enforces-shorthand
128:37  Warning: Classnames 'h-8, w-8' could be replaced by the 'size-8' shorthand!  tailwindcss/enforces-shorthand
153:21  Error: Invalid Tailwind CSS classnames order  tailwindcss/classnames-order
157:29  Warning: Classnames 'h-4, w-4' could be replaced by the 'size-4' shorthand!  tailwindcss/enforces-shorthand
169:30  Warning: Classnames 'h-4, w-4' could be replaced by the 'size-4' shorthand!  tailwindcss/enforces-shorthand
181:29  Warning: Classnames 'h-4, w-4' could be replaced by the 'size-4' shorthand!  tailwindcss/enforces-shorthand
193:30  Warning: Classnames 'h-4, w-4' could be replaced by the 'size-4' shorthand!  tailwindcss/enforces-shorthand
295:22  Warning: Classnames 'h-10, w-10' could be replaced by the 'size-10' shorthand!  tailwindcss/enforces-shorthand
296:25  Warning: Classnames 'h-5, w-5' could be replaced by the 'size-5' shorthand!  tailwindcss/enforces-shorthand
304:27  Error: Invalid Tailwind CSS classnames order  tailwindcss/classnames-order
304:27  Warning: Classnames 'h-4, w-4' could be replaced by the 'size-4' shorthand!  tailwindcss/enforces-shorthand
327:24  Error: Invalid Tailwind CSS classnames order  tailwindcss/classnames-order

./app/(protected)/dashboard/contacts/page.tsx
49:21  Warning: Classnames 'h-4, w-4' could be replaced by the 'size-4' shorthand!  tailwindcss/enforces-shorthand
72:19  Error: `'` can be escaped with `&apos;`, `&lsquo;`, `&#39;`, `&rsquo;`.  react/no-unescaped-entities
138:21  Warning: Classnames 'h-4, w-4' could be replaced by the 'size-4' shorthand!  tailwindcss/enforces-shorthand
160:23  Warning: Classnames 'h-4, w-4' could be replaced by the 'size-4' shorthand!  tailwindcss/enforces-shorthand

./app/(protected)/dashboard/oikosync/page.tsx
53:26  Error: `'` can be escaped with `&apos;`, `&lsquo;`, `&#39;`, `&rsquo;`.  react/no-unescaped-entities
66:19  Error: `'` can be escaped with `&apos;`, `&lsquo;`, `&#39;`, `&rsquo;`.  react/no-unescaped-entities
71:24  Warning: Classnames 'h-8, w-8' could be replaced by the 'size-8' shorthand!  tailwindcss/enforces-shorthand
72:31  Warning: Classnames 'h-4, w-4' could be replaced by the 'size-4' shorthand!  tailwindcss/enforces-shorthand
82:24  Warning: Classnames 'h-8, w-8' could be replaced by the 'size-8' shorthand!  tailwindcss/enforces-shorthand
83:26  Warning: Classnames 'h-4, w-4' could be replaced by the 'size-4' shorthand!  tailwindcss/enforces-shorthand
93:24  Warning: Classnames 'h-8, w-8' could be replaced by the 'size-8' shorthand!  tailwindcss/enforces-shorthand
94:31  Warning: Classnames 'h-4, w-4' could be replaced by the 'size-4' shorthand!  tailwindcss/enforces-shorthand
97:76  Error: `"` can be escaped with `&quot;`, `&ldquo;`, `&#34;`, `&rdquo;`.  react/no-unescaped-entities
97:97  Error: `"` can be escaped with `&quot;`, `&ldquo;`, `&#34;`, `&rdquo;`.  react/no-unescaped-entities

./app/(protected)/dashboard/properties/[id]/page.tsx
109:26  Warning: Classnames 'h-4, w-4' could be replaced by the 'size-4' shorthand!  tailwindcss/enforces-shorthand
119:23  Warning: Classnames 'h-4, w-4' could be replaced by the 'size-4' shorthand!  tailwindcss/enforces-shorthand
126:24  Warning: Classnames 'h-4, w-4' could be replaced by the 'size-4' shorthand!  tailwindcss/enforces-shorthand
144:29  Warning: Classnames 'h-12, w-12' could be replaced by the 'size-12' shorthand!  tailwindcss/enforces-shorthand
161:29  Warning: Classnames 'h-4, w-4' could be replaced by the 'size-4' shorthand!  tailwindcss/enforces-shorthand
177:21  Error: Invalid Tailwind CSS classnames order  tailwindcss/classnames-order
209:23  Error: Invalid Tailwind CSS classnames order  tailwindcss/classnames-order
223:23  Error: Invalid Tailwind CSS classnames order  tailwindcss/classnames-order
224:22  Error: Invalid Tailwind CSS classnames order  tailwindcss/classnames-order
233:23  Error: Invalid Tailwind CSS classnames order  tailwindcss/classnames-order
298:26  Error: Invalid Tailwind CSS classnames order  tailwindcss/classnames-order
299:33  Error: Invalid Tailwind CSS classnames order  tailwindcss/classnames-order
299:33  Warning: Classnames 'h-4, w-4' could be replaced by the 'size-4' shorthand!  tailwindcss/enforces-shorthand
321:22  Warning: Classnames 'h-10, w-10' could be replaced by the 'size-10' shorthand!  tailwindcss/enforces-shorthand
322:25  Warning: Classnames 'h-5, w-5' could be replaced by the 'size-5' shorthand!  tailwindcss/enforces-shorthand
330:27  Error: Invalid Tailwind CSS classnames order  tailwindcss/classnames-order
330:27  Warning: Classnames 'h-4, w-4' could be replaced by the 'size-4' shorthand!  tailwindcss/enforces-shorthand

./app/(protected)/dashboard/properties/page.tsx
53:21  Warning: Classnames 'h-4, w-4' could be replaced by the 'size-4' shorthand!  tailwindcss/enforces-shorthand
76:19  Error: `'` can be escaped with `&apos;`, `&lsquo;`, `&#39;`, `&rsquo;`.  react/no-unescaped-entities
137:21  Warning: Classnames 'h-4, w-4' could be replaced by the 'size-4' shorthand!  tailwindcss/enforces-shorthand
159:23  Warning: Classnames 'h-4, w-4' could be replaced by the 'size-4' shorthand!  tailwindcss/enforces-shorthand

./components/contacts/contact-timeline.tsx
96:12  Error: Invalid Tailwind CSS classnames order  tailwindcss/classnames-order
117:20  Warning: Classnames 'h-8, w-8' could be replaced by the 'size-8' shorthand!  tailwindcss/enforces-shorthand
118:23  Warning: Classnames 'h-4, w-4' could be replaced by the 'size-4' shorthand!  tailwindcss/enforces-shorthand
126:24  Error: Invalid Tailwind CSS classnames order  tailwindcss/classnames-order
149:25  Warning: Classnames 'h-3, w-3' could be replaced by the 'size-3' shorthand!  tailwindcss/enforces-shorthand

./components/contacts/contacts-filters.tsx
92:19  Warning: Classnames 'h-4, w-4' could be replaced by the 'size-4' shorthand!  tailwindcss/enforces-shorthand
110:23  Warning: Classnames 'h-4, w-4' could be replaced by the 'size-4' shorthand!  tailwindcss/enforces-shorthand
113:23  Warning: Classnames 'h-5, w-5' could be replaced by the 'size-5' shorthand!  tailwindcss/enforces-shorthand
123:16  Warning: Classnames 'h-4, w-4' could be replaced by the 'size-4' shorthand!  tailwindcss/enforces-shorthand
132:16  Error: Invalid Tailwind CSS classnames order  tailwindcss/classnames-order

./components/contacts/contacts-list.tsx
102:18  Warning: Classnames 'h-12, w-12' could be replaced by the 'size-12' shorthand!  tailwindcss/enforces-shorthand
103:31  Warning: Classnames 'h-6, w-6' could be replaced by the 'size-6' shorthand!  tailwindcss/enforces-shorthand
106:19  Error: Invalid Tailwind CSS classnames order  tailwindcss/classnames-order
107:20  Error: Invalid Tailwind CSS classnames order  tailwindcss/classnames-order
132:21  Warning: Classnames 'h-4, w-4' could be replaced by the 'size-4' shorthand!  tailwindcss/enforces-shorthand
140:22  Warning: Classnames 'h-4, w-4' could be replaced by the 'size-4' shorthand!  tailwindcss/enforces-shorthand
148:21  Warning: Classnames 'h-4, w-4' could be replaced by the 'size-4' shorthand!  tailwindcss/enforces-shorthand
181:20  Warning: Classnames 'h-4, w-4' could be replaced by the 'size-4' shorthand!  tailwindcss/enforces-shorthand
190:35  Warning: Classnames 'h-4, w-4' could be replaced by the 'size-4' shorthand!  tailwindcss/enforces-shorthand
198:31  Warning: Classnames 'h-4, w-4' could be replaced by the 'size-4' shorthand!  tailwindcss/enforces-shorthand
207:29  Warning: Classnames 'h-4, w-4' could be replaced by the 'size-4' shorthand!  tailwindcss/enforces-shorthand

./components/oikosync/activity-feed.tsx
114:16  Warning: Classnames 'h-10, w-10' could be replaced by the 'size-10' shorthand!  tailwindcss/enforces-shorthand
115:19  Warning: Classnames 'h-5, w-5' could be replaced by the 'size-5' shorthand!  tailwindcss/enforces-shorthand

./components/oikosync/activity-filters.tsx
78:23  Warning: Classnames 'h-4, w-4' could be replaced by the 'size-4' shorthand!  tailwindcss/enforces-shorthand
81:23  Warning: Classnames 'h-5, w-5' could be replaced by the 'size-5' shorthand!  tailwindcss/enforces-shorthand
91:16  Warning: Classnames 'h-4, w-4' could be replaced by the 'size-4' shorthand!  tailwindcss/enforces-shorthand

./components/properties/properties-filters.tsx
56:19  Warning: Classnames 'h-4, w-4' could be replaced by the 'size-4' shorthand!  tailwindcss/enforces-shorthand
74:23  Warning: Classnames 'h-4, w-4' could be replaced by the 'size-4' shorthand!  tailwindcss/enforces-shorthand
77:23  Warning: Classnames 'h-5, w-5' could be replaced by the 'size-5' shorthand!  tailwindcss/enforces-shorthand
87:16  Warning: Classnames 'h-4, w-4' could be replaced by the 'size-4' shorthand!  tailwindcss/enforces-shorthand

./components/properties/properties-list.tsx
161:19  Error: Invalid Tailwind CSS classnames order  tailwindcss/classnames-order
169:18  Error: Invalid Tailwind CSS classnames order  tailwindcss/classnames-order
203:16  Error: Invalid Tailwind CSS classnames order  tailwindcss/classnames-order
218:20  Warning: Classnames 'h-4, w-4' could be replaced by the 'size-4' shorthand!  tailwindcss/enforces-shorthand
227:35  Warning: Classnames 'h-4, w-4' could be replaced by the 'size-4' shorthand!  tailwindcss/enforces-shorthand
235:31  Warning: Classnames 'h-4, w-4' could be replaced by the 'size-4' shorthand!  tailwindcss/enforces-shorthand
244:30  Warning: Classnames 'h-4, w-4' could be replaced by the 'size-4' shorthand!  tailwindcss/enforces-shorthand

./components/properties/property-form.tsx
120:26  Warning: Classnames 'h-4, w-4' could be replaced by the 'size-4' shorthand!  tailwindcss/enforces-shorthand
346:27  Warning: Classnames 'h-4, w-4' could be replaced by the 'size-4' shorthand!  tailwindcss/enforces-shorthand
358:27  Warning: Classnames 'h-3, w-3' could be replaced by the 'size-3' shorthand!  tailwindcss/enforces-shorthand
360:30  Warning: Classnames 'h-3, w-3' could be replaced by the 'size-3' shorthand!  tailwindcss/enforces-shorthand
598:27  Warning: Classnames 'h-8, w-8' could be replaced by the 'size-8' shorthand!  tailwindcss/enforces-shorthand

./components/properties/property-image-gallery.tsx
76:15  Error: Invalid Tailwind CSS classnames order  tailwindcss/classnames-order
76:15  Warning: Classnames 'h-10, w-10' could be replaced by the 'size-10' shorthand!  tailwindcss/enforces-shorthand
82:28  Warning: Classnames 'h-6, w-6' could be replaced by the 'size-6' shorthand!  tailwindcss/enforces-shorthand
87:15  Error: Invalid Tailwind CSS classnames order  tailwindcss/classnames-order
87:15  Warning: Classnames 'h-10, w-10' could be replaced by the 'size-10' shorthand!  tailwindcss/enforces-shorthand
93:29  Warning: Classnames 'h-6, w-6' could be replaced by the 'size-6' shorthand!  tailwindcss/enforces-shorthand
143:15  Warning: Classnames 'h-8, w-8' could be replaced by the 'size-8' shorthand!  tailwindcss/enforces-shorthand
146:18  Warning: Classnames 'h-4, w-4' could be replaced by the 'size-4' shorthand!  tailwindcss/enforces-shorthand
155:19  Error: Invalid Tailwind CSS classnames order  tailwindcss/classnames-order
155:19  Warning: Classnames 'h-12, w-12' could be replaced by the 'size-12' shorthand!  tailwindcss/enforces-shorthand
158:32  Warning: Classnames 'h-6, w-6' could be replaced by the 'size-6' shorthand!  tailwindcss/enforces-shorthand
163:19  Error: Invalid Tailwind CSS classnames order  tailwindcss/classnames-order
163:19  Warning: Classnames 'h-12, w-12' could be replaced by the 'size-12' shorthand!  tailwindcss/enforces-shorthand
166:33  Warning: Classnames 'h-6, w-6' could be replaced by the 'size-6' shorthand!  tailwindcss/enforces-shorthand

./components/properties/property-timeline.tsx
94:18  Warning: Classnames 'h-8, w-8' could be replaced by the 'size-8' shorthand!  tailwindcss/enforces-shorthand
95:21  Warning: Classnames 'h-4, w-4' could be replaced by the 'size-4' shorthand!  tailwindcss/enforces-shorthand
99:20  Error: Invalid Tailwind CSS classnames order  tailwindcss/classnames-order

./components/ui/pagination.tsx
72:18  Warning: Classnames 'h-4, w-4' could be replaced by the 'size-4' shorthand!  tailwindcss/enforces-shorthand
89:19  Warning: Classnames 'h-4, w-4' could be replaced by the 'size-4' shorthand!  tailwindcss/enforces-shorthand
100:16  Warning: Classnames 'h-9, w-9' could be replaced by the 'size-9' shorthand!  tailwindcss/enforces-shorthand
103:21  Warning: Classnames 'h-4, w-4' could be replaced by the 'size-4' shorthand!  tailwindcss/enforces-shorthand

info  - Need to disable some ESLint rules? Learn more here: https://nextjs.org/docs/basic-features/eslint#disabling-rules
 ELIFECYCLE  Command failed with exit code 1.
